main.c:89:6:setTimer0	16	static
main.c:94:6:setTimer1	16	static
main.c:99:6:timer_run	4	static
main.c:118:5:main	8	static
main.c:173:6:SystemClock_Config	72	static
main.c:209:13:MX_TIM2_Init	32	static
main.c:254:13:MX_GPIO_Init	32	static
main.c:303:6:display7SEG	72	static
main.c:330:6:update7SEG	16	static
main.c:373:6:HAL_TIM_PeriodElapsedCallback	16	static
main.c:377:6:updateClockBuffer	4	static
main.c:393:6:displayLEDMatrix	64	static
main.c:425:6:updateLEDMatrix	16	static
main.c:533:6:updateMatrixBuffer	4	static
main.c:550:6:Error_Handler	4	static,ignoring_inline_asm
