main.c:88:6:setTimer0	16	static
main.c:93:6:setTimer1	16	static
main.c:98:6:timer_run	4	static
main.c:117:5:main	8	static
main.c:172:6:SystemClock_Config	72	static
main.c:208:13:MX_TIM2_Init	32	static
main.c:253:13:MX_GPIO_Init	32	static
main.c:302:6:display7SEG	72	static
main.c:329:6:update7SEG	16	static
main.c:372:6:HAL_TIM_PeriodElapsedCallback	16	static
main.c:376:6:updateClockBuffer	4	static
main.c:392:6:displayLEDMatrix	64	static
main.c:424:6:updateLEDMatrix	16	static
main.c:535:6:Error_Handler	4	static,ignoring_inline_asm
